// Jest Snapshot v1, https://goo.gl/fbAQLP

exports[`<Signup/> should render correctly when loaded 1`] = `
<div
  className="container"
>
  <div
    className="content-block"
  >
    <div
      className="MuiPaper-root MuiPaper-outlined MuiPaper-rounded auth-page auth-page__signup css-172kgz0-MuiPaper-root"
    >
      <div
        className="content-block"
      >
        <h4
          className="MuiTypography-root MuiTypography-h4 css-5lbw0b-MuiTypography-root"
        >
          Sign Up
        </h4>
        
      </div>
      <form
        onSubmit={[Function]}
      >
        <div
          className="MuiFormControl-root css-1nrlq1o-MuiFormControl-root"
        >
          <div
            className="MuiFormGroup-root content-block css-dmmspl-MuiFormGroup-root"
          >
            <div
              className="MuiFormControl-root MuiTextField-root css-1u3bzj6-MuiFormControl-root-MuiTextField-root"
            >
              <label
                className="MuiInputLabel-root MuiInputLabel-formControl MuiInputLabel-animated MuiInputLabel-standard MuiFormLabel-root MuiFormLabel-colorPrimary Mui-required css-aqpgxn-MuiFormLabel-root-MuiInputLabel-root"
                data-shrink={false}
              >
                Email
                <span
                  aria-hidden={true}
                  className="MuiInputLabel-asterisk MuiFormLabel-asterisk css-wgai2y-MuiFormLabel-asterisk"
                >
                   
                  *
                </span>
              </label>
              <div
                className="MuiInput-root MuiInput-underline MuiInputBase-root MuiInputBase-colorPrimary MuiInputBase-formControl css-1ptx2yq-MuiInputBase-root-MuiInput-root"
                onClick={[Function]}
              >
                <input
                  aria-invalid={false}
                  autoFocus={false}
                  className="MuiInput-input MuiInputBase-input css-1x51dt5-MuiInputBase-input-MuiInput-input"
                  disabled={false}
                  onAnimationStart={[Function]}
                  onBlur={[Function]}
                  onChange={[Function]}
                  onFocus={[Function]}
                  required={true}
                  type="email"
                  value=""
                />
              </div>
            </div>
            <div
              className="MuiFormControl-root MuiTextField-root css-1u3bzj6-MuiFormControl-root-MuiTextField-root"
            >
              <label
                className="MuiInputLabel-root MuiInputLabel-formControl MuiInputLabel-animated MuiInputLabel-standard MuiFormLabel-root MuiFormLabel-colorPrimary Mui-required css-aqpgxn-MuiFormLabel-root-MuiInputLabel-root"
                data-shrink={false}
              >
                Password
                <span
                  aria-hidden={true}
                  className="MuiInputLabel-asterisk MuiFormLabel-asterisk css-wgai2y-MuiFormLabel-asterisk"
                >
                   
                  *
                </span>
              </label>
              <div
                className="MuiInput-root MuiInput-underline MuiInputBase-root MuiInputBase-colorPrimary MuiInputBase-formControl css-1ptx2yq-MuiInputBase-root-MuiInput-root"
                onClick={[Function]}
              >
                <input
                  aria-invalid={false}
                  autoFocus={false}
                  className="MuiInput-input MuiInputBase-input css-1x51dt5-MuiInputBase-input-MuiInput-input"
                  disabled={false}
                  onAnimationStart={[Function]}
                  onBlur={[Function]}
                  onChange={[Function]}
                  onFocus={[Function]}
                  required={true}
                  type="password"
                  value=""
                />
              </div>
            </div>
            <div
              className="MuiFormControl-root MuiTextField-root css-1u3bzj6-MuiFormControl-root-MuiTextField-root"
            >
              <label
                className="MuiInputLabel-root MuiInputLabel-formControl MuiInputLabel-animated MuiInputLabel-standard MuiFormLabel-root MuiFormLabel-colorPrimary Mui-required css-aqpgxn-MuiFormLabel-root-MuiInputLabel-root"
                data-shrink={false}
              >
                Password Confirmation
                <span
                  aria-hidden={true}
                  className="MuiInputLabel-asterisk MuiFormLabel-asterisk css-wgai2y-MuiFormLabel-asterisk"
                >
                   
                  *
                </span>
              </label>
              <div
                className="MuiInput-root MuiInput-underline MuiInputBase-root MuiInputBase-colorPrimary MuiInputBase-formControl css-1ptx2yq-MuiInputBase-root-MuiInput-root"
                onClick={[Function]}
              >
                <input
                  aria-invalid={false}
                  autoFocus={false}
                  className="MuiInput-input MuiInputBase-input css-1x51dt5-MuiInputBase-input-MuiInput-input"
                  disabled={false}
                  onAnimationStart={[Function]}
                  onBlur={[Function]}
                  onChange={[Function]}
                  onFocus={[Function]}
                  required={true}
                  type="password"
                  value=""
                />
              </div>
            </div>
          </div>
          <div
            className="MuiFormGroup-root content-block css-dmmspl-MuiFormGroup-root"
          >
            <div
              className="MuiBox-root css-1tfqlfq"
            >
              <button
                className="MuiButton-root MuiButton-contained MuiButton-containedPrimary MuiButton-sizeMedium MuiButton-containedSizeMedium MuiButtonBase-root  css-sghohy-MuiButtonBase-root-MuiButton-root"
                disabled={false}
                onBlur={[Function]}
                onContextMenu={[Function]}
                onDragLeave={[Function]}
                onFocus={[Function]}
                onKeyDown={[Function]}
                onKeyUp={[Function]}
                onMouseDown={[Function]}
                onMouseLeave={[Function]}
                onMouseUp={[Function]}
                onTouchEnd={[Function]}
                onTouchMove={[Function]}
                onTouchStart={[Function]}
                tabIndex={0}
                type="submit"
              >
                Sign Up
              </button>
            </div>
          </div>
          <label
            className="MuiFormControlLabel-root MuiFormControlLabel-labelPlacementEnd css-j204z7-MuiFormControlLabel-root"
          >
            <span
              className="MuiCheckbox-root MuiCheckbox-colorSecondary MuiButtonBase-root MuiCheckbox-root MuiCheckbox-colorSecondary PrivateSwitchBase-root css-1sg8fd1-MuiButtonBase-root-MuiCheckbox-root"
              onBlur={[Function]}
              onContextMenu={[Function]}
              onDragLeave={[Function]}
              onFocus={[Function]}
              onKeyDown={[Function]}
              onKeyUp={[Function]}
              onMouseDown={[Function]}
              onMouseLeave={[Function]}
              onMouseUp={[Function]}
              onTouchEnd={[Function]}
              onTouchMove={[Function]}
              onTouchStart={[Function]}
              tabIndex={null}
            >
              <input
                checked={false}
                className="PrivateSwitchBase-input css-1m9pwf3"
                data-indeterminate={false}
                disabled={false}
                onChange={[Function]}
                type="checkbox"
              />
              <svg
                aria-hidden={true}
                className="MuiSvgIcon-root MuiSvgIcon-fontSizeMedium css-i4bv87-MuiSvgIcon-root"
                data-testid="CheckBoxOutlineBlankIcon"
                focusable="false"
                viewBox="0 0 24 24"
              >
                <path
                  d="M19 5v14H5V5h14m0-2H5c-1.1 0-2 .9-2 2v14c0 1.1.9 2 2 2h14c1.1 0 2-.9 2-2V5c0-1.1-.9-2-2-2z"
                />
              </svg>
            </span>
            <span
              className="MuiTypography-root MuiTypography-body1 MuiFormControlLabel-label css-ahj2mt-MuiTypography-root"
            >
              Re-send verification email
            </span>
          </label>
        </div>
      </form>
      <div
        className="MuiFormGroup-root css-dmmspl-MuiFormGroup-root"
      >
        <label
          className="MuiFormControlLabel-root MuiFormControlLabel-labelPlacementEnd css-j204z7-MuiFormControlLabel-root"
        >
          <span
            className="MuiCheckbox-root MuiCheckbox-colorSecondary MuiButtonBase-root MuiCheckbox-root MuiCheckbox-colorSecondary PrivateSwitchBase-root css-1sg8fd1-MuiButtonBase-root-MuiCheckbox-root"
            onBlur={[Function]}
            onContextMenu={[Function]}
            onDragLeave={[Function]}
            onFocus={[Function]}
            onKeyDown={[Function]}
            onKeyUp={[Function]}
            onMouseDown={[Function]}
            onMouseLeave={[Function]}
            onMouseUp={[Function]}
            onTouchEnd={[Function]}
            onTouchMove={[Function]}
            onTouchStart={[Function]}
            tabIndex={null}
          >
            <input
              checked={false}
              className="PrivateSwitchBase-input css-1m9pwf3"
              data-indeterminate={false}
              onChange={[Function]}
              type="checkbox"
            />
            <svg
              aria-hidden={true}
              className="MuiSvgIcon-root MuiSvgIcon-fontSizeMedium css-i4bv87-MuiSvgIcon-root"
              data-testid="CheckBoxOutlineBlankIcon"
              focusable="false"
              viewBox="0 0 24 24"
            >
              <path
                d="M19 5v14H5V5h14m0-2H5c-1.1 0-2 .9-2 2v14c0 1.1.9 2 2 2h14c1.1 0 2-.9 2-2V5c0-1.1-.9-2-2-2z"
              />
            </svg>
          </span>
          <span
            className="MuiTypography-root MuiTypography-body1 MuiFormControlLabel-label css-ahj2mt-MuiTypography-root"
          >
            By checking this box you agree to the terms and conditions and agree that you have read and understood our privacy policy
          </span>
        </label>
      </div>
    </div>
  </div>
  <div
    className="content-block"
  >
    <h6
      className="MuiTypography-root MuiTypography-subtitle1 css-10wpov9-MuiTypography-root"
    >
      Already have an account? 
      <a
        href="/login"
        onClick={[Function]}
      >
        Log In
      </a>
    </h6>
  </div>
</div>
`;
